// Jest Snapshot v1, https://goo.gl/fbAQLP

exports[`<Main /> should render a heading 1`] = `
<div>
  <h2>
    Testing Main
  </h2>
</div>
`
